No files changed, compilation skipped
Script ran successfully.

== Logs ==
  ===========================================
  GuardedEthTokenSwapper Deployment
  ===========================================
  Deployer address: 0x99E5B0c5ffae6e177848d8FDe593B539A35Be56D
  Chain ID: 1
  Block number: 23806001
  
  Step 1: Deploying GuardedEthTokenSwapper...
  Contract deployed at: 0x7FFc0E3F2aC6ba73ada2063D3Ad8c5aF554ED05f
  
  Step 2: Preparing token configurations...
    [1] 1INCH
      Token: 0x111111111117dC0aa78b770fA6A738034120C302
      Feed: 0x72AFAECF99C9d9C8215fF44C77B94B99C28741e8
      Fee Tier: 10000 bps
      Tolerance: 500 bps
  
    [2] SHIB
      Token: 0x95aD61b0a150d79219dCF64E1E6Cc01f0B64C4cE
      Feed: 0x8dD1CD88F43aF196ae478e91b9F5E4Ac69A97C61
      Fee Tier: 10000 bps
      Tolerance: 1000 bps
  
    [3] AAVE
      Token: 0x7Fc66500c84A76Ad7e9c93437bFc5Ac33E2DDaE9
      Feed: 0x6Df09E975c830ECae5bd4eD9d90f3A95a4f88012
      Fee Tier: 3000 bps
      Tolerance: 300 bps
  
    [4] APE
      Token: 0x4d224452801ACEd8B2F0aebE155379bb5D594381
      Feed: 0xc7de7f4d4C9c991fF62a07D18b3E31e349833A18
      Fee Tier: 3000 bps
      Tolerance: 800 bps
  
    [5] BAT
      Token: 0x0D8775F648430679A709E98d2b0Cb6250d2887EF
      Feed: 0x0d16d4528239e9ee52fa531af613AcdB23D88c94
      Fee Tier: 3000 bps
      Tolerance: 600 bps
  
    [6] COMP
      Token: 0xc00e94Cb662C3520282E6f5717214004A7f26888
      Feed: 0x1B39Ee86Ec5979ba5C322b826B3ECb8C79991699
      Fee Tier: 3000 bps
      Tolerance: 400 bps
  
    [7] CRV
      Token: 0xD533a949740bb3306d119CC777fa900bA034cd52
      Feed: 0x8a12Be339B0cD1829b91Adc01977caa5E9ac121e
      Fee Tier: 3000 bps
      Tolerance: 400 bps
  
    [8] LDO
      Token: 0x5A98FcBEA516Cf06857215779Fd812CA3beF1B32
      Feed: 0x4e844125952D32AcdF339BE976c98E22F6F318dB
      Fee Tier: 3000 bps
      Tolerance: 500 bps
  
    [9] LINK
      Token: 0x514910771AF9Ca656af840dff83E8264EcF986CA
      Feed: 0xDC530D9457755926550b59e8ECcdaE7624181557
      Fee Tier: 3000 bps
      Tolerance: 200 bps
  
    [10] MKR
      Token: 0x9f8F72aA9304c8B593d555F12eF6589cC3A579A2
      Feed: 0x24551a8Fb2A7211A25a17B1481f043A8a8adC7f2
      Fee Tier: 3000 bps
      Tolerance: 400 bps
  
    [11] UNI
      Token: 0x1f9840a85d5aF5bf1D1762F925BDADdC4201F984
      Feed: 0xD6aA3D25116d8dA79Ea0246c4826EB951872e02e
      Fee Tier: 3000 bps
      Tolerance: 300 bps
  
    [12] ZRX
      Token: 0xE41d2489571d322189246DaFA5ebDe1F4699F498
      Feed: 0x2Da4983a622a8498bb1a21FaE9D8F6C664939962
      Fee Tier: 3000 bps
      Tolerance: 600 bps
  
    [13] USDT
      Token: 0xdAC17F958D2ee523a2206206994597C13D831ec7
      Feed: 0xEe9F2375b4bdF6387aa8265dD4FB8F16512A1d46
      Fee Tier: 500 bps
      Tolerance: 200 bps
  
    [14] WBTC
      Token: 0x2260FAC5E5542a773Aa44fBCfeDf7C193bc2C599
      Feed: 0xAc559F25B1619171CbC396a50854A3240b6A4e99
      Fee Tier: 500 bps
      Tolerance: 500 bps
  
  Step 3: Configuring all token feeds...
  All 14 token feeds configured successfully!
  
  Step 4: Verifying configuration...
    ✓ 1INCH verified
    ✓ SHIB verified
    ✓ AAVE verified
    ✓ APE verified
    ✓ BAT verified
    ✓ COMP verified
    ✓ CRV verified
    ✓ LDO verified
    ✓ LINK verified
    ✓ MKR verified
    ✓ UNI verified
    ✓ ZRX verified
    ✓ USDT verified
    ✓ WBTC verified
  
  ===========================================
  DEPLOYMENT SUCCESSFUL
  ===========================================
  Contract address: 0x7FFc0E3F2aC6ba73ada2063D3Ad8c5aF554ED05f
  Owner: 0x99E5B0c5ffae6e177848d8FDe593B539A35Be56D
  Tokens configured: 14
  
  Next steps:
  1. Verify contract on Etherscan:
     forge verify-contract 0x7FFc0E3F2aC6ba73ada2063D3Ad8c5aF554ED05f
     GuardedEthTokenSwapper --chain-id 1 --watch
  
  2. Or if using --verify flag, verification will happen automatically
  
  3. Test a swap (be careful with mainnet!):
     cast send 0x7FFc0E3F2aC6ba73ada2063D3Ad8c5aF554ED05f "swapEthForToken(address,uint16,uint256)"
     <TOKEN_ADDRESS> 200 <DEADLINE> --value 0.1ether --private-key $PRIVATE_KEY
  
  Contract is ready for use!
  ===========================================

## Setting up 1 EVM.

==========================

Chain 1

Estimated gas price: 0.140113274 gwei

Estimated total gas used for script: 2109397

Estimated amount required: 0.000295554519835778 ETH

==========================


==========================

ONCHAIN EXECUTION COMPLETE & SUCCESSFUL.
##
Start verification for (1) contracts
Start verifying contract `0x7FFc0E3F2aC6ba73ada2063D3Ad8c5aF554ED05f` deployed on mainnet
EVM version: prague
Compiler version: 0.8.30
Optimizations:    200

Submitting verification for [src/GuardedEthTokenSwapper.sol:GuardedEthTokenSwapper] 0x7FFc0E3F2aC6ba73ada2063D3Ad8c5aF554ED05f.
Submitted contract for verification:
	Response: `OK`
	GUID: `u4imyrlzfmqyzg6vmd2yigssav9kutak5qgs3papikihwsjkha`
	URL: https://etherscan.io/address/0x7ffc0e3f2ac6ba73ada2063d3ad8c5af554ed05f
Contract verification status:
Response: `NOTOK`
Details: `Pending in queue`
Warning: Verification is still pending...; waiting 15 seconds before trying again (7 tries remaining)
Contract verification status:
Response: `OK`
Details: `Pass - Verified`
Contract successfully verified
All (1) contracts were verified!

Transactions saved to: /Users/ryleyohlsen/Documents/github/GuardedEthTokenSwapper/broadcast/Deploy.s.sol/1/run-latest.json

Sensitive values saved to: /Users/ryleyohlsen/Documents/github/GuardedEthTokenSwapper/cache/Deploy.s.sol/1/run-latest.json

